eeschema (2012-01-19 BZR 3256)-stable  >> Creation date: 8/21/2012 19:00:28

#Cmp ( order = Value )
| 1.5k         R1        ;             
| 100n         C1        ;             
| 100n         C6        ;             
| 100n         C14       ;             
| 100n         C16       ;             
| 10uf         C14a1     ;             
| 120          R7        ;             
| 12mhz        X1        ;             
| 12pf         C2        ;             
| 12pf         C3        ;             
| 1k           R4        ;             
| 1uf          C4        ;             
| 200          R8        ;             
| 22uf         C5        ;             
| 3.6v         D1        ;             
| 3.6v         D2        ;             
| 40           R5        ;             
| 40           R6        ;             
| 40           R9        ;             
| 40           R10       ;             
| 68           R2        ;             
| 68           R3        ;             
| ATMEGA8-AI   IC1       ; TQFP32      
| CONN_3       N64       ;             
| CONN_3X2     PROG1     ;             
| CONN_5X2     NRF1      ;             
| CONN_7       GC1       ;             
| DOT-BAR2     BAR1      ;             
| JUMPER       JP1       ;             
| JUMPER       JP2       ;             
| LM317        U1        ;             
| USB          X2        ; con-usb-USB-MB-S   X
#End Cmp

#End List
